Circuit: * C:\Users\harri\Projects\Air_Purifier_PCB\en_uvlo_lockout.asc

Warning: Multiple definitions of model "2scr375p" Type: BJT
Warning: Multiple definitions of model "bc857b" Type: BJT
Warning: Multiple definitions of model "bc847c" Type: BJT
Warning: Multiple definitions of model "bc847b" Type: BJT
V2: Removing PWL point (0.001,0)
.OP point found by inspection.

Date: Fri May 01 17:03:16 2026
Total elapsed time: 0.103 seconds.

tnom = 27
temp = 27
method = modified trap
totiter = 2848
traniter = 2848
tranpoints = 1289
accept = 1226
rejected = 63
matrix size = 24
fillins = 6
solver = Normal
Matrix Compiler1:     114 opcodes  0.2/[0.2]/0.5
Matrix Compiler2: 2.15 KB object code size  0.1/0.4/[0.1]

