Circuit: * C:\Users\harri\Projects\Buck_Boost_42W\simulation\en_uvlo_lockoutv2.asc

Warning: Multiple definitions of model "2scr375p" Type: BJT
Warning: Multiple definitions of model "bc857b" Type: BJT
Warning: Multiple definitions of model "bc847c" Type: BJT
Warning: Multiple definitions of model "bc847b" Type: BJT
V2: Removing PWL point (0.001,0)
WARNING: Less than two connections to node NC_01.  This node is used by V1.
.OP point found by inspection.

Date: Wed Jun 10 22:15:03 2026
Total elapsed time: 0.097 seconds.

tnom = 27
temp = 27
method = modified trap
totiter = 2974
traniter = 2974
tranpoints = 1350
accept = 1274
rejected = 76
matrix size = 25
fillins = 6
solver = Normal
Matrix Compiler1: 1.99 KB object code size  0.4/0.2/[0.2]
Matrix Compiler2: 2.16 KB object code size  0.2/0.3/[0.1]

